## libeantic.map -- LD version script
##
## Copyright (C) 2019 Vincent Delecroix
##
## This file is part of e-antic
##
## e-antic is free software: you can redistribute it and/or modify it under
## the terms of the GNU Lesser General Public License (LGPL) as published
## by the Free Software Foundation; either version 3.0 of the License, or
## (at your option) any later version.  See <http://www.gnu.org/licenses/>.
##
LIBEANTIC_0_1_2 {
global:
antic_test_multiplier;
nf_init;
nf_init_randtest;
nf_clear;
nf_print;
nf_degree;
nf_elem_init;
nf_elem_clear;
nf_elem_randtest;
nf_elem_randtest_not_zero;
nf_elem_canonicalise;
_nf_elem_reduce;
nf_elem_reduce;
_nf_elem_invertible_check;
_nf_elem_equal;
nf_elem_equal;
nf_elem_is_zero;
nf_elem_is_one;
nf_elem_is_gen;
nf_elem_is_integer;
nf_elem_is_rational;
nf_elem_equal_si;
nf_elem_equal_ui;
nf_elem_equal_fmpz;
nf_elem_equal_fmpq;
nf_elem_print_pretty;
nf_elem_get_str_pretty;
nf_elem_zero;
nf_elem_one;
nf_elem_gen;
nf_elem_set_si;
nf_elem_set_ui;
nf_elem_set_fmpz;
nf_elem_set_fmpq;
nf_elem_set_fmpq_poly;
nf_elem_set_fmpz_mat_row;
nf_elem_get_fmpz_mat_row;
nf_elem_get_fmpq_poly;
nf_elem_get_fmpq;
_nf_elem_get_nmod_poly;
nf_elem_get_nmod_poly_den;
nf_elem_get_nmod_poly;
_nf_elem_get_fmpz_mod_poly;
nf_elem_get_fmpz_mod_poly_den;
nf_elem_get_fmpz_mod_poly;
nf_elem_get_den;
nf_elem_set_den;
nf_elem_get_coeff_fmpq;
nf_elem_get_coeff_fmpz;
nf_elem_den_is_one;
_nf_elem_set_coeff_num_fmpz;
nf_elem_set;
nf_elem_neg;
nf_elem_swap;
nf_elem_add_si;
nf_elem_add_fmpz;
nf_elem_add_fmpq;
nf_elem_sub_si;
nf_elem_sub_fmpz;
nf_elem_sub_fmpq;
nf_elem_si_sub;
nf_elem_fmpz_sub;
nf_elem_fmpq_sub;
nf_elem_scalar_mul_si;
nf_elem_scalar_mul_fmpz;
nf_elem_scalar_mul_fmpq;
nf_elem_scalar_div_si;
nf_elem_scalar_div_fmpz;
nf_elem_scalar_div_fmpq;
_nf_elem_add_lf;
_nf_elem_sub_lf;
_nf_elem_add_qf;
_nf_elem_sub_qf;
nf_elem_add_qf;
nf_elem_sub_qf;
_nf_elem_add;
_nf_elem_sub;
nf_elem_add;
nf_elem_sub;
nf_elem_mul_gen;
_nf_elem_mul;
nf_elem_mul;
_nf_elem_mul_red;
nf_elem_mul_red;
_nf_elem_inv;
nf_elem_inv;
_nf_elem_div;
nf_elem_div;
_nf_elem_pow;
nf_elem_pow;
_nf_elem_norm;
nf_elem_norm;
_nf_elem_norm_div;
nf_elem_norm_div;
_nf_elem_trace;
nf_elem_trace;
nf_elem_rep_mat;
nf_elem_rep_mat_fmpz_mat_den;
_nf_elem_mod_fmpz;
nf_elem_mod_fmpz_den;
nf_elem_mod_fmpz;
renf_init;
renf_init_nth_root_fmpq;
renf_init_set;
renf_refine_embedding;
renf_set_embeddings_fmpz_poly;
renf_randtest;
renf_print;
renf_elem_init;
renf_elem_clear;
renf_elem_set_fmpq_poly;
renf_elem_gen;
renf_elem_sgn;
renf_elem_floor;
renf_elem_ceil;
renf_elem_cmp;
_renf_elem_cmp_fmpq;
renf_elem_cmp_fmpq;
renf_elem_get_d;
renf_elem_get_arb;
renf_elem_get_cfrac;
renf_elem_set_evaluation;
renf_elem_get_str_pretty;
renf_elem_print_pretty;
renf_elem_randtest;
renf_elem_check_embedding;
renf_elem_relative_condition_number_2exp;
_fmpz_poly_scale_0_1_fmpq;
fmpz_poly_randtest_irreducible;
fmpz_poly_set_str_pretty;
fmpq_poly_set_str_pretty;
_fmpz_poly_has_real_root;
fmpz_poly_has_complex_root;
fmpz_poly_positive_root_upper_bound_2exp;
_fmpz_poly_positive_root_upper_bound_2exp;
_fmpz_poly_positive_root_upper_bound_2exp_local_max;
fmpz_poly_num_real_roots_upper_bound;
_fmpz_poly_descartes_bound_0_1;
_fmpz_poly_descartes_bound;
_fmpz_poly_isolate_real_roots_0_1_vca;
fmpz_poly_isolate_real_roots;
fmpz_poly_num_real_roots_0_1_sturm;
fmpz_poly_num_real_roots_0_1_vca;
arb_add_fmpq;
arb_sub_fmpq;
arb_fmpq_sub;
arb_mul_fmpq;
arb_div_fmpq;
arb_fmpq_div;
_fmpz_poly_evaluate_arb;
fmpz_poly_evaluate_arb;
fmpq_poly_evaluate_arb;
_fmpz_poly_evaluate_arf;
fmpz_poly_evaluate_arf;
fmpq_poly_evaluate_arf;
_fmpz_poly_relative_condition_number_2exp;
fmpz_poly_relative_condition_number_2exp;
fmpq_poly_check_unique_real_root;
_fmpz_poly_newton_step_arb;
_fmpz_poly_bisection_step_arb;
fmpz_poly_newton_step_arb;
_fmpz_poly_bisection_step_arf;
fmpz_poly_bisection_step_arb;
fmpz_poly_squarefree_part;
_EANTIC_FIXED_fmpq_poly_get_str_pretty;
EANTIC_FIXED_fmpq_poly_get_str_pretty;
fmpq_set_str;
fmpz_nextprime;
fmpz_randprime;
_fmpq_poly_resultant_div;
fmpq_poly_resultant_div;
fmpq_poly_get_coeff_fmpz;
_fmpz_poly_num_real_roots;
fmpz_poly_num_real_roots;
_fmpz_poly_num_real_roots_sturm;
fmpz_poly_num_real_roots_sturm;
_fmpz_poly_resultant_modular_div;
fmpz_poly_resultant_modular_div;
_fmpz_poly_remove_content_2exp;
_fmpz_poly_scale_2exp;
fmpq_set_str;
_fmpq_vec_fprint;
_fmpq_vec_sort;
_fmpq_vec_randtest_uniq_sorted;
fmpz_poly_randtest_no_real_root;
_fmpz_poly_num_real_roots_sturm;
fmpz_poly_product_roots_fmpq_vec;

local: *;
};
## eos
